// Jest Snapshot v1, https://goo.gl/fbAQLP

exports[`<MovieDetails> should render a MovieDetails properly. 1`] = `
.c0 {
  -webkit-flex-direction: null;
  -ms-flex-direction: null;
  flex-direction: null;
  -webkit-box-pack: center;
  -webkit-justify-content: center;
  -ms-flex-pack: center;
  justify-content: center;
  -webkit-align-items: flex-start;
  -webkit-box-align: flex-start;
  -ms-flex-align: flex-start;
  align-items: flex-start;
  display: -webkit-box;
  display: -webkit-flex;
  display: -ms-flexbox;
  display: flex;
  -webkit-flex-wrap: wrap;
  -ms-flex-wrap: wrap;
  flex-wrap: wrap;
}

@media (min-width:1000px) {
  .c0 {
    -webkit-box-pack: justify;
    -webkit-justify-content: space-between;
    -ms-flex-pack: justify;
    justify-content: space-between;
  }
}

<section
  className="c0"
/>
`;
