// Jest Snapshot v1, https://goo.gl/fbAQLP

exports[`AvatarContainer renders an AvatarContainer properly 1`] = `
.c0 {
  -webkit-flex-direction: column;
  -ms-flex-direction: column;
  flex-direction: column;
  -webkit-box-pack: center;
  -webkit-justify-content: center;
  -ms-flex-pack: center;
  justify-content: center;
  -webkit-align-items: center;
  -webkit-box-align: center;
  -ms-flex-align: center;
  align-items: center;
  display: -webkit-box;
  display: -webkit-flex;
  display: -ms-flexbox;
  display: flex;
  width: 100%;
  padding: 20px;
}

@media (min-width:1024px) {
  .c0 {
    width: 45%;
    padding: 40px 10px;
  }
}

<section
  className="c0"
>
  <Component />
  <styled.h2>
    foo
  </styled.h2>
</section>
`;

exports[`AvatarContainer renders the name component properly. 1`] = `
.c0 {
  color: #a0a9ab;
  font-size: 26px;
  font-weight: 300;
  color: white;
  font-family: 'Roboto',sans-serif;
  margin: 60px 0 30px 0;
}

@media (min-width:1024px) {
  .c0 {
    margin: 30px 0;
  }
}

<h2
  className="c0"
>
  foo
</h2>
`;
