// Jest Snapshot v1, https://goo.gl/fbAQLP

exports[`<details> should render the proper component tree as expected. 1`] = `
<Component>
  <Component
    small={true}
  />
  <styled.header>
    <Component
      small={true}
    />
  </styled.header>
  <styled.main
    details={true}
  >
    <Connect(Apollo(branch(withProps(PersonDetail)))) />
  </styled.main>
</Component>
`;
