// Jest Snapshot v1, https://goo.gl/fbAQLP

exports[`<ListContainer> should render a ListContainer with its children properly. 1`] = `
.c0 {
  position: relative;
  -webkit-flex-direction: column;
  -ms-flex-direction: column;
  flex-direction: column;
  -webkit-box-pack: center;
  -webkit-justify-content: center;
  -ms-flex-pack: center;
  justify-content: center;
  -webkit-align-items: center;
  -webkit-box-align: center;
  -ms-flex-align: center;
  align-items: center;
  display: -webkit-box;
  display: -webkit-flex;
  display: -ms-flexbox;
  display: flex;
  padding: 0 20px;
  width: 1200px;
}

<div
  className="c0"
>
  <h2>
    I'm a container!
  </h2>
  <p>
    Indeed I am!
  </p>
</div>
`;
